[trellis] generating model with seed 42
[1/6] preprocess D:\AI3D-Agent\worker\AI3D-Model-worker\outputs\herbst-igel-r02-trellis-retry-ref-clean-r06\reference-audit\ref-clean-r06.jpg (BiRefNet bg removal, 512)
ggml_vulkan: Found 2 Vulkan devices:
ggml_vulkan: 0 = AMD Radeon RX 7800 XT (AMD proprietary driver) | uma: 0 | fp16: 1 | bf16: 0 | warp size: 64 | shared memory: 32768 | int dot: 1 | matrix cores: KHR_coopmat
ggml_vulkan: 1 = AMD Radeon(TM) Graphics (AMD proprietary driver) | uma: 1 | fp16: 1 | bf16: 0 | warp size: 32 | shared memory: 32768 | int dot: 1 | matrix cores: none
[trellis] using Vulkan0 (16368 MB)
[deform_vk] using AMD Radeon RX 7800 XT
[2/6] DINOv3 conditioning
[trellis] using Vulkan0 (16368 MB)
      cond tokens=1029
      [stats] cond_512 (DINOv3@512) n=1053696 mean=-0.0000 std=1.0000 min=-29.329 max=24.278 nan/inf=0
[3/6] sparse-structure flow + decode
[trellis] using Vulkan0 (16368 MB)
      [flow] [....................]  0/12    0.0s  starting    
      [flow] [#...................]  1/12   18.0s  ~198s left  
      [flow] [###.................]  2/12   34.6s  ~173s left  
      [flow] [#####...............]  3/12   51.4s  ~154s left  
      [flow] [######..............]  4/12   68.1s  ~136s left  
      [flow] [########............]  5/12   84.9s  ~119s left  
      [flow] [##########..........]  6/12  102.6s  ~103s left  
      [flow] [###########.........]  7/12  120.3s  ~86s left   
      [flow] [#############.......]  8/12  137.7s  ~69s left   
      [flow] [###############.....]  9/12  154.5s  ~51s left   
      [flow] [################....] 10/12  171.2s  ~34s left   
      [flow] [##################..] 11/12  179.5s  ~16s left   
      [flow] [####################] 12/12  188.0s  ~0s left    
      [flow] 12 steps, 22 forwards, 188.0s
[trellis] using Vulkan0 (16368 MB)
      active voxels @res32 = 1596
[4/7] shape SLAT flow (512)
[trellis] using Vulkan0 (16368 MB)
      [flow] [....................]  0/12    0.0s  starting    
      [flow] [#...................]  1/12    4.2s  ~46s left   
      [flow] [###.................]  2/12    8.2s  ~41s left   
      [flow] [#####...............]  3/12   12.2s  ~37s left   
      [flow] [######..............]  4/12   16.2s  ~32s left   
      [flow] [########............]  5/12   20.2s  ~28s left   
      [flow] [##########..........]  6/12   24.3s  ~24s left   
      [flow] [###########.........]  7/12   28.3s  ~20s left   
      [flow] [#############.......]  8/12   32.4s  ~16s left   
      [flow] [###############.....]  9/12   34.4s  ~11s left   
      [flow] [################....] 10/12   36.5s  ~7s left    
      [flow] [##################..] 11/12   38.7s  ~4s left    
      [flow] [####################] 12/12   40.7s  ~0s left    
      [flow] 12 steps, 20 forwards, 40.7s
      [stats] slat (res32) n=51072 mean=-0.2934 std=5.6290 min=-24.099 max=25.439 nan/inf=0
[5/7] FlexiDualGrid shape decode -> mesh @res512
[trellis] using Vulkan0 (16368 MB)
      decoded voxels @res512 = 436222
      mesh V=436222 F=867324
      filled 520 small holes -> V=436742 F=870466
[7/7] write D:\AI3D-Agent\worker\AI3D-Model-worker\outputs\herbst-igel-r02-trellis-retry-ref-clean-r06\trellis-raw\herbst-igel-r02-trellis-raw-r06.glb
done in 245.4s -> D:\AI3D-Agent\worker\AI3D-Model-worker\outputs\herbst-igel-r02-trellis-retry-ref-clean-r06\trellis-raw\herbst-igel-r02-trellis-raw-r06.glb (+ D:\AI3D-Agent\worker\AI3D-Model-worker\outputs\herbst-igel-r02-trellis-retry-ref-clean-r06\trellis-raw\herbst-igel-r02-trellis-raw-r06.ply)
