[trellis] generating model with seed 42
[1/6] preprocess D:\AI3D-Agent\worker\AI3D-Model-worker\outputs\herbst-igel-r02-trellis-optik-retry-r07\reference-audit\ref-clean-r07.jpg (BiRefNet bg removal, 512)
ggml_vulkan: Found 2 Vulkan devices:
ggml_vulkan: 0 = AMD Radeon RX 7800 XT (AMD proprietary driver) | uma: 0 | fp16: 1 | bf16: 0 | warp size: 64 | shared memory: 32768 | int dot: 1 | matrix cores: KHR_coopmat
ggml_vulkan: 1 = AMD Radeon(TM) Graphics (AMD proprietary driver) | uma: 1 | fp16: 1 | bf16: 0 | warp size: 32 | shared memory: 32768 | int dot: 1 | matrix cores: none
[trellis] using Vulkan0 (16368 MB)
[deform_vk] using AMD Radeon RX 7800 XT
      bg-removal cutout -> D:\AI3D-Agent\worker\AI3D-Model-worker\outputs\herbst-igel-r02-trellis-optik-retry-r07\trellis-raw\seed-00000042\herbst-igel-r02-trellis-raw-seed-42_cutout.png
[2/6] DINOv3 conditioning
[trellis] using Vulkan0 (16368 MB)
      cond tokens=1029
      [stats] cond_512 (DINOv3@512) n=1053696 mean=-0.0000 std=1.0000 min=-29.329 max=24.278 nan/inf=0
[3/6] sparse-structure flow + decode
[trellis] using Vulkan0 (16368 MB)
      [flow] [....................]  0/12    0.0s  starting    
      [flow] [#...................]  1/12   17.3s  ~190s left  
      [flow] [###.................]  2/12   33.8s  ~169s left  
      [flow] [#####...............]  3/12   50.3s  ~151s left  
      [flow] [######..............]  4/12   66.8s  ~134s left  
      [flow] [########............]  5/12   83.3s  ~117s left  
      [flow] [##########..........]  6/12  100.3s  ~100s left  
      [flow] [###########.........]  7/12  116.8s  ~83s left   
      [flow] [#############.......]  8/12  133.3s  ~67s left   
      [flow] [###############.....]  9/12  149.8s  ~50s left   
      [flow] [################....] 10/12  166.4s  ~33s left   
      [flow] [##################..] 11/12  174.7s  ~16s left   
      [flow] [####################] 12/12  182.9s  ~0s left    
      [flow] 12 steps, 22 forwards, 182.9s
[trellis] using Vulkan0 (16368 MB)
      active voxels @res32 = 1596
[4/7] shape SLAT flow (512)
[trellis] using Vulkan0 (16368 MB)
      [flow] [....................]  0/12    0.0s  starting    
      [flow] [#...................]  1/12    4.1s  ~45s left   
      [flow] [###.................]  2/12    8.1s  ~40s left   
      [flow] [#####...............]  3/12   12.0s  ~36s left   
      [flow] [######..............]  4/12   16.0s  ~32s left   
      [flow] [########............]  5/12   19.9s  ~28s left   
      [flow] [##########..........]  6/12   23.9s  ~24s left   
      [flow] [###########.........]  7/12   27.8s  ~20s left   
      [flow] [#############.......]  8/12   31.8s  ~16s left   
      [flow] [###############.....]  9/12   33.8s  ~11s left   
      [flow] [################....] 10/12   35.8s  ~7s left    
      [flow] [##################..] 11/12   37.8s  ~3s left    
      [flow] [####################] 12/12   39.8s  ~0s left    
      [flow] 12 steps, 20 forwards, 39.8s
      [stats] slat (res32) n=51072 mean=-0.2934 std=5.6290 min=-24.099 max=25.439 nan/inf=0
[5/7] FlexiDualGrid shape decode -> mesh @res512
[trellis] using Vulkan0 (16368 MB)
      decoded voxels @res512 = 436222
      mesh V=436222 F=867324
      filled 520 small holes -> V=436742 F=870466
[7/7] write D:\AI3D-Agent\worker\AI3D-Model-worker\outputs\herbst-igel-r02-trellis-optik-retry-r07\trellis-raw\seed-00000042\herbst-igel-r02-trellis-raw-seed-42.glb
done in 239.2s -> D:\AI3D-Agent\worker\AI3D-Model-worker\outputs\herbst-igel-r02-trellis-optik-retry-r07\trellis-raw\seed-00000042\herbst-igel-r02-trellis-raw-seed-42.glb (+ D:\AI3D-Agent\worker\AI3D-Model-worker\outputs\herbst-igel-r02-trellis-optik-retry-r07\trellis-raw\seed-00000042\herbst-igel-r02-trellis-raw-seed-42.ply)
